[fenwad97.wixsite.com/nugwa-and-seun.html]
[static.parastorage.com/services/wix-thunderbolt/dist/originTrials.41d7301a.bundle.min.js]
[static.parastorage.com/unpkg/core-js-bundle@3.2.1/minified.js]
[static.parastorage.com/unpkg/focus-within-polyfill@5.0.9/dist/focus-within-polyfill.js]
[backblue.gif]
[fade.gif]
[index.html]
[polyfill-fastly.io/v3/polyfill.mind82c.js]
[static.parastorage.com/services/events-viewer/1.2720.0/client-viewer/7444.chunk.min.js]
[static.parastorage.com/services/events-viewer/1.2720.0/client-viewer/1543.chunk.min.js]
[static.parastorage.com/services/events-viewer/1.2720.0/client-viewer/7390.chunk.min.js]
[static.parastorage.com/services/events-viewer/1.2720.0/client-viewer/SingleEvent.chunk.min.js]
[fenwad97.wixsite.com/index.html]
[fenwad97.wixsite.com/nugwa-and-seun/getting-there.html]
[fenwad97.wixsite.com/nugwa-and-seun/event-details/nugwa-and-seun-a-celebration-of-yoruba-and-kogi-culture.html]
[static.wixstatic.com/media/c837a6_e57945ee203d4c2282608344f313474e_mv2.png/v1/fill/w_59,h_33,al_c,q_85,usm_0.66_1.00_0.01,blur_2,enc_auto/c837a6_e57945ee203d4c2282608344f313474e_mv2.png]
[static.wixstatic.com/media/84770f_37a6262eeb2e45c88f75a5b79ffeec9a_mv2.jpg/v1/fill/w_98,h_137,al_c,q_80,usm_0.66_1.00_0.01,blur_2,enc_auto/84770f_37a6262eeb2e45c88f75a5b79ffeec9a_mv2.jpg]
[static.wixstatic.com/media/c837a6_22812c0856e74ef283d24c64e25a6794_mv2.jpg/v1/fill/w_123,h_82,al_c,q_80,usm_0.66_1.00_0.01,blur_2,enc_auto/c837a6_22812c0856e74ef283d24c64e25a6794_mv2.jpg]
[static.wixstatic.com/media/c837a6_113acc6993154f429fe5e9761c1f4e1d_mv2.jpg/v1/crop/x_72,y_231,w_894,h_1192/fill/w_360,h_480,al_c,q_80,usm_0.66_1.00_0.01,enc_au/GettyImages-1137850915_edited.d]
[static.wixstatic.com/media/c837a6_d84034c1902e4735b0ac767b200d0be8_mv2.png/v1/fill/w_94,h_155,al_c,q_85,usm_0.66_1.00_0.01,blur_3,enc_auto/shutterstock_1366274078.png]
[static.wixstatic.com/media/84770f_7311f3e4ff1d4000b3ae3624af2f0335_mv2.jpg/v1/fill/w_122,h_82,al_c,q_80,usm_0.66_1.00_0.01,blur_2,enc_auto/84770f_7311f3e4ff1d4000b3ae3624af2f0335_mv2.jpg]
[static.wixstatic.com/media/c837a6_43b9a3b224464f8e92d2116decdd347f_mv2.jpg/v1/crop/x_50,y_60,w_1161,h_1547/fill/w_93,h_124,al_c,q_80,usm_0.66_1.00_0.01,blur_2,/GettyImages-1137850823_edited.10]
[static.wixstatic.com/media/c837a6_7e31080dae74484894eb56ae23e08252_mv2.png/v1/fill/w_86,h_48,al_c,q_85,usm_0.66_1.00_0.01,blur_3,enc_auto/gettyimages-1218386385-2048x2048_cut.png]
[static.wixstatic.com/media/c837a6_0e063b033b0642c696bb2f8420cef166_mv2.png/v1/fill/w_49,h_28,al_c,q_85,usm_0.66_1.00_0.01,blur_2,enc_auto/c837a6_0e063b033b0642c696bb2f8420cef166_mv2.png]
[static.wixstatic.com/media/c837a6_cb09b26a672949f5b59d8ae20f418e87_mv2.png/v1/crop/x_0,y_7,w_497,h_680/fill/w_103,h_141,al_c,q_85,usm_0.66_1.00_0.01,blur_3/gettyimages-1218957805-2048x2048.15]
[static.wixstatic.com/media/c837a6_b3362ae767bf40d0b7fe94c9fa01037b_mv2.jpe/v1/crop/x_0,y_1115,w_4306,h_5416/fill/w_68,h_85,al_c,q_80,usm_0.66_1.00_0.01,blur_2,e/AdobeStock_296323944_Preview.14]
[browser.sentry-cdn.com/6.18.2/bundle.min.js]
[fenwad97.wixsite.com/sitemap.17.delayed]
[fenwad97.wixsite.com/feed.18.delayed]
[fenwad97.wixsite.com/${n.19.delayed]
[static.parastorage.com/services/wix-thunderbolt/dist/thunderbolt-commons.bd0edef9.bundle.min.js]
[static.parastorage.com/services/wix-thunderbolt/dist/main.80b408cc.bundle.min.js]
[static.parastorage.com/services/wix-thunderbolt/dist/main.renderer.1d21f023.bundle.min.js]
[static.parastorage.com/unpkg/lodash@4.17.21/lodash.min.js]
[static.parastorage.com/unpkg/react@18.2.0/umd/react.production.min.js]
[static.parastorage.com/unpkg/react-dom@18.2.0/umd/react-dom.production.min.js]
[fenwad97.wixsite.com/decodeURIComponent(e.20.delayed]
[static.parastorage.com/services/tag-manager-client/1.827.0/siteTags.bundle.min.js]
[fenwad97.wixsite.com/nugwa-and-seun.html]
[fenwad97.wixsite.com/index.html]
[static.parastorage.com/services/wix-perf-measure/1.1095.0/wix-perf-measure.umd.min.js]
[fenwad97.wixsite.com/nugwa-and-seun/robots.23.delayed]
[fenwad97.wixsite.com/nugwa-and-seun/sitemap.24.delayed]
[fenwad97.wixsite.com/nugwa-and-seun/feed.25.delayed]
[fenwad97.wixsite.com/nugwa-and-seun/${n.26.delayed]
[fenwad97.wixsite.com/nugwa-and-seun/decodeURIComponent(e.27.delayed]
[fenwad97.wixsite.com/nugwa-and-seun/getting-there.html]
[static.wixstatic.com/media/11062b_585cc3b8fa9e4e7b86c8058a6810feee_mv2.jpg/v1/fill/w_147,h_98,al_c,q_80,usm_0.66_1.00_0.01,blur_2,enc_auto/11062b_585cc3b8fa9e4e7b86c8058a6810feee_mv2.jpg]
[fenwad97.wixsite.com/nugwa-and-seun/event-details/sitemap.2a.delayed]
[fenwad97.wixsite.com/nugwa-and-seun/event-details/robots.html]
[fenwad97.wixsite.com/nugwa-and-seun/event-details/feed.2b.delayed]
[fenwad97.wixsite.com/nugwa-and-seun/event-details/${n.html]
[fenwad97.wixsite.com/nugwa-and-seun/event-details/nugwa-and-seun-a-celebration-of-yoruba-and-kogi-culture.html]
[fenwad97.wixsite.com/sitemap.html]
[fenwad97.wixsite.com/feed.html]
[fenwad97.wixsite.com/${n.html]
[fenwad97.wixsite.com/decodeURIComponent(e.html]
[fenwad97.wixsite.com/nugwa-and-seun/robots.html]
[fenwad97.wixsite.com/nugwa-and-seun/sitemap.html]
[fenwad97.wixsite.com/nugwa-and-seun/feed.html]
[fenwad97.wixsite.com/nugwa-and-seun/${n.html]
[fenwad97.wixsite.com/nugwa-and-seun/decodeURIComponent(e.html]
[fenwad97.wixsite.com/nugwa-and-seun/event-details/robots.html]
[fenwad97.wixsite.com/nugwa-and-seun/event-details/sitemap.html]
[fenwad97.wixsite.com/nugwa-and-seun/event-details/feed.html]
[fenwad97.wixsite.com/nugwa-and-seun/event-details/${n.html]
[fenwad97.wixsite.com/nugwa-and-seun/event-details/decodeURIComponent(e.html]
[fenwad97.wixsite.com/nugwa-and-seun/event-details/decodeURIComponent(e.html]
